Press RETURN to get started.













Router1>enable
Password: 
Router1#show run
Building configuration...

Current configuration : 644 bytes
!
version 15.4
no service timestamps log datetime msec
no service timestamps debug datetime msec
service password-encryption
!
hostname Router1
!
!
!
enable secret 5 $1$mERr$5.a6P4JqbNiMX01usIfka/
enable password 7 0822455D0A16
!
!
!
!
!
!
no ip cef
no ipv6 cef

Router1#logout









Router1 con0 is now available






Press RETURN to get started.













Router1>enable
Password: 
Router1#enable
Router1#con t
% Ambiguous command: "con t"
Router1#conf t
Enter configuration commands, one per line.  End with CNTL/Z.
Router1(config)#show ip interface brief
                 ^
% Invalid input detected at '^' marker.
	
Router1(config)#show ip int brief
                 ^
% Invalid input detected at '^' marker.
	
Router1(config)#configure terminal
                      ^
% Invalid input detected at '^' marker.
	
Router1(config)#end
Router1#
%SYS-5-CONFIG_I: Configured from console by console

Router1#show ip interface brief
Interface              IP-Address      OK? Method Status                Protocol 
GigabitEthernet0/0/0   unassigned      YES unset  administratively down down 
GigabitEthernet0/0/1   unassigned      YES unset  administratively down down 
Vlan1                  unassigned      YES unset  administratively down down
Router1#conf ter
Enter configuration commands, one per line.  End with CNTL/Z.
Router1(config)#interface gigbitEthernet 0/0/0
                             ^
% Invalid input detected at '^' marker.
	
Router1(config)#interface gigabitEthernet 0/0/0
Router1(config-if)#no shutdown

Router1(config-if)#
%LINK-5-CHANGED: Interface GigabitEthernet0/0/0, changed state to up

%LINEPROTO-5-UPDOWN: Line protocol on Interface GigabitEthernet0/0/0, changed state to up

Router1(config-if)#end
Router1#
%SYS-5-CONFIG_I: Configured from console by console

Router1#show ip interface brief
Interface              IP-Address      OK? Method Status                Protocol 
GigabitEthernet0/0/0   unassigned      YES unset  up                    up 
GigabitEthernet0/0/1   unassigned      YES unset  administratively down down 
Vlan1                  unassigned      YES unset  administratively down down
Router1#ip address ?
% Unrecognized command
Router1#ip address 
           ^
% Invalid input detected at '^' marker.
	
Router1#ip 
Translating "ip"...domain server (255.255.255.255)
% Unknown command or computer name, or unable to find computer address

Router1#conf t
Enter configuration commands, one per line.  End with CNTL/Z.
Router1(config)#ip address
                    ^
% Invalid input detected at '^' marker.
	
Router1(config)#ip address ?
% Unrecognized command
Router1(config)#interface gigabitEthernet 0/0/0
Router1(config-if)#ip address ?
  A.B.C.D  IP address
  dhcp     IP Address negotiated via DHCP
Router1(config-if)#ip address 10.1.1.1 ?
  A.B.C.D  IP subnet mask
Router1(config-if)#ip address 10.1.1.1 255.255.255.0
Router1(config-if)#end
Router1#
%SYS-5-CONFIG_I: Configured from console by console

Router1#show ip interface gigabit
Router1#show ip interface gigabitEthernet 0/0/0
GigabitEthernet0/0/0 is up, line protocol is up (connected)
  Internet address is 10.1.1.1/24
  Broadcast address is 255.255.255.255
  Address determined by setup command
  MTU is 1500 bytes
  Helper address is not set
  Directed broadcast forwarding is disabled
  Outgoing access list is not set
  Inbound  access list is not set
  Proxy ARP is enabled
  Security level is default
  Split horizon is enabled
  ICMP redirects are always sent
  ICMP unreachables are always sent
  ICMP mask replies are never sent
  IP fast switching is disabled
  IP fast switching on the same interface is disabled
  IP Flow switching is disabled
  IP Fast switching turbo vector
  IP multicast fast switching is disabled
  IP multicast distributed fast switching is disabled
  Router Discovery is disabled
  IP output packet accounting is disabled

Router1#show arp
Protocol  Address          Age (min)  Hardware Addr   Type   Interface
Internet  10.1.1.1                -   0030.F2C1.8001  ARPA   GigabitEthernet0/0/0
Router1#conf t
Enter configuration commands, one per line.  End with CNTL/Z.
Router1(config)#host Router0
Router0(config)#end
Router0#
%SYS-5-CONFIG_I: Configured from console by console

Router0#ping 10.1.1.2

Type escape sequence to abort.
Sending 5, 100-byte ICMP Echos to 10.1.1.2, timeout is 2 seconds:
.!!!!
Success rate is 80 percent (4/5), round-trip min/avg/max = 0/7/28 ms

Router0#show arp
Protocol  Address          Age (min)  Hardware Addr   Type   Interface
Internet  10.1.1.1                -   0030.F2C1.8001  ARPA   GigabitEthernet0/0/0
Internet  10.1.1.2                0   00E0.F970.5701  ARPA   GigabitEthernet0/0/0
Router0#end
Translating "end"...domain server (255.255.255.255)
% Unknown command or computer name, or unable to find computer address
Router0#logout


System Bootstrap, Version 15.4(3r)S5, RELEASE SOFTWARE
Copyright (c) 1994-2015  by cisco Systems, Inc.

Current image running: Boot ROM0

Last reset cause: LocalSoft
Cisco ISR4321/K9 platform with 4194304 Kbytes of main memory



no valid BOOT image found
Final autoboot attempt from default boot device...
File size is 0x1d0580a0
Located isr4300-universalk9.03.16.05.S.155-3.S5-ext.SPA.bin
Image size 486899872 inode num 12, bks cnt 102567 blk size 8*512
#######################
Boot image size = 486899872 (0x1d0580a0) bytes

Package header rev 1 structure detected
Calculating SHA-1 hash...done
validate_package: SHA-1 hash:
        calculated 83acd4f8:dc03c892:f243621c:06872286:6c9f0cf5
        expected   83acd4f8:dc03c892:f243621c:06872286:6c9f0cf5

RSA Signed RELEASE Image Signature Verification Successful.
Package Load Test Latency : 6390 msec
Image validated
%IOSXEBOOT-4-BOOT_SRC: (rp/0): mounting /boot/super.iso to /tmp/sw/isos

              Restricted Rights Legend
Use, duplication, or disclosure by the Government is
subject to restrictions as set forth in subparagraph
(c) of the Commercial Computer Software - Restricted
Rights clause at FAR sec. 52.227-19 and subparagraph
(c) (1) (ii) of the Rights in Technical Data and Computer
Software clause at DFARS sec. 252.227-7013.
           cisco Systems, Inc.
           170 West Tasman Drive
           San Jose, California 95134-1706

Cisco IOS Software, ISR Software (X86_64_LINUX_IOSD-UNIVERSALK9-M), Version 15.5(3)S5, RELEASE SOFTWARE (fc2)
Technical Support: http://www.cisco.com/techsupport
Copyright (c) 1986-2017 by Cisco Systems, Inc.
Compiled Thu 19-Jan-17 11:24 by mcpre



Cisco IOS - XE software, Copyright(c) 2005 - 2017 by cisco Systems, Inc.
All rights reserved.Certain components of Cisco IOS - XE software are
licensed under the GNU General Public License("GPL") Version 2.0.The
software code licensed under GPL Version 2.0 is free software that comes
with ABSOLUTELY NO WARRANTY.You can redistribute and / or modify such
GPL code under the terms of GPL Version 2.0.For more details, see the
documentation or "License Notice" file accompanying the IOS - XE software,
or the applicable URL provided on the flyer accompanying the IOS - XE
software.



This product contains cryptographic features and is subject to United
States and local country laws governing import, export, transfer and
use. Delivery of Cisco cryptographic products does not imply
third-party authority to import, export, distribute or use encryption.
Importers, exporters, distributors and users are responsible for
compliance with U.S. and local country laws. By using this product you
agree to comply with applicable laws and regulations. If you are unable
to comply with U.S. and local laws, return this product immediately.

A summary of U.S. laws governing Cisco cryptographic products may be found at:
http://www.cisco.com/wwl/export/crypto/tool/stqrg.html

If you require further assistance please contact us by sending email to
export@cisco.com.

cisco ISR4321/K9 (1RU) processor with 1687137K/6147K bytes of memory.
Processor board ID FLM2041W2HD
2 Gigabit Ethernet interfaces
32768K bytes of non-volatile configuration memory.
4194304K bytes of physical memory.
3223551K bytes of flash memory at bootflash:.


Press RETURN to get started!


%LINEPROTO-5-UPDOWN: Line protocol on Interface GigabitEthernet0/0/0, changed state to up


Router1>enable
Password: 
Router1#show ip int brief
Interface              IP-Address      OK? Method Status                Protocol 
GigabitEthernet0/0/0   10.1.1.2        YES manual up                    up 
GigabitEthernet0/0/1   unassigned      YES unset  administratively down down 
Vlan1                  unassigned      YES unset  administratively down down
Router1#show run
Building configuration...

Current configuration : 651 bytes
!
version 15.4
no service timestamps log datetime msec
no service timestamps debug datetime msec
service password-encryption
!
hostname Router1
!
!
!
enable secret 5 $1$mERr$5.a6P4JqbNiMX01usIfka/
enable password 7 0822455D0A16
!
!
!
!
!
!
ip cef
no ipv6 cef
!
!
!
!
!
!
!
!
!
!
!
!
spanning-tree mode pvst
!
!
!
!
!
!
interface GigabitEthernet0/0/0
 ip address 10.1.1.2 255.255.255.0
 duplex auto
 speed auto
!
interface GigabitEthernet0/0/1
 no ip address
 duplex auto
 speed auto
 shutdown
!
interface Vlan1
 no ip address
 shutdown
!
ip classless
!
ip flow-export version 9
!
!
!
!
!
!
!
!
line con 0
!
line aux 0
!
line vty 0 4
 login
!
!
!
end


Router1#
Router1#
Router1#
Router1#
Router1#line vty 0 4
             ^
% Invalid input detected at '^' marker.
	
Router1#conf t
Enter configuration commands, one per line.  End with CNTL/Z.
Router1(config)#line vty 0 4
Router1(config-line)#password cisco
Router1(config-line)#login
Router1(config-line)#lin vty 0 4
Router1(config-line)#login
Router1(config-line)#telnet 10.1.1.1
                      ^
% Invalid input detected at '^' marker.
	
Router1(config-line)#end
Router1#
%SYS-5-CONFIG_I: Configured from console by console

Router1#telnet 10.1.1.1
Trying 10.1.1.1 ...Open


User Access Verification

Password: 
Router0>

Router0>enable
Password: 
Router0#conf t
Enter configuration commands, one per line.  End with CNTL/Z.
Router0(config)#line console ?
  <0-0>  First Line number
Router0(config)#line console 0
Router0(config-line)#login
% Login disabled on line 0, until 'password' is set
Router0(config-line)#password cisco
Router0(config-line)#end
Router0#
%SYS-5-CONFIG_I: Configured from console by console

Router0>enable
Password: 
Router0#copy running-config startup-config
Destination filename [startup-config]? 
Building configuration...
[OK]

Router0#logout
